/Users/zhr/Desktop/accessing-data-mysql/src/main/java/com/example/accessing_data_mysql/AccessingDataMysqlApplication.java
/Users/zhr/Desktop/accessing-data-mysql/src/main/java/com/example/accessing_data_mysql/Company.java
/Users/zhr/Desktop/accessing-data-mysql/src/main/java/com/example/accessing_data_mysql/Problem.java
/Users/zhr/Desktop/accessing-data-mysql/src/main/java/com/example/accessing_data_mysql/ProblemCompany.java
/Users/zhr/Desktop/accessing-data-mysql/src/main/java/com/example/accessing_data_mysql/ProblemController.java
/Users/zhr/Desktop/accessing-data-mysql/src/main/java/com/example/accessing_data_mysql/ProblemRepository.java
/Users/zhr/Desktop/accessing-data-mysql/src/main/java/com/example/accessing_data_mysql/Submission.java
/Users/zhr/Desktop/accessing-data-mysql/src/main/java/com/example/accessing_data_mysql/Topic.java
/Users/zhr/Desktop/accessing-data-mysql/src/main/java/com/example/accessing_data_mysql/User.java
/Users/zhr/Desktop/accessing-data-mysql/src/main/java/com/example/accessing_data_mysql/UserController.java
/Users/zhr/Desktop/accessing-data-mysql/src/main/java/com/example/accessing_data_mysql/UserRepository.java
/Users/zhr/Desktop/accessing-data-mysql/src/main/java/com/example/accessing_data_mysql/testCase/TestCase.java
